[justbeingtheyoutuberme.weebly.com/index.html]
[backblue.gif]
[fade.gif]
[index.html]
[cdn2.editmysite.com/css/sitesd328.css]
[cdn2.editmysite.com/css/old/fancyboxdc89.css]
[cdn2.editmysite.com/css/social-iconsaa2b.css]
[cdn2.editmysite.com/fonts/Komika_Axis/fontc81e.css]
[justbeingtheyoutuberme.weebly.com/uploads/8/4/1/7/84178546/background-images/391317221.jpg]
[ajax.googleapis.com/ajax/libs/jquery/1.8.3/jquery.min.js]
[cdn2.editmysite.com/js/lang/en/stlba97.js]
[cdn2.editmysite.com/js/site/maind328.js]
[cdn2.editmysite.com/js/site/theme-pluginsd328.js]
[www.google.com/recaptcha/api.js]
[cdn2.editmysite.com/js/site/footerSignupd328.js]
[justbeingtheyoutuberme.weebly.com/about.html]
[justbeingtheyoutuberme.weebly.com/my-yt-videos-so-far-chronological-order.html]
[justbeingtheyoutuberme.weebly.com/subscribe.html]
[justbeingtheyoutuberme.weebly.com/files/theme/plugins6b7a.js]
[justbeingtheyoutuberme.weebly.com/files/theme/custom6b7a.js]
[justbeingtheyoutuberme.weebly.com/files/theme/mobile6b7a.js]
[cdn2.editmysite.com/js/wsnbn/snowday262.js]
[secure.quantserve.com/quant.js]
[pixel.quantserve.com/pixel/p-0dYLvhSGGqUWo7971.gif]
[justbeingtheyoutuberme.weebly.com/index.html]
[cdn2.editmysite.com/images/util/videojs/white-bar.png]
[cdn2.editmysite.com/images/util/videojs/@2x/white-bar.png]
[cdn2.editmysite.com/images/util/videojs/gradient.png]
[cdn2.editmysite.com/images/util/videojs/@2x/gradient.png]
[cdn2.editmysite.com/sprites/util/videojs-sacae758aa2.png]
[cdn2.editmysite.com/sprites/util/videojs/@2x-s2aff7e7d9a.png]
[cdn2.editmysite.com/images/util/videojs/volume-filled.png]
[cdn2.editmysite.com/images/util/videojs/@2x/volume-filled.png]
[cdn2.editmysite.com/images/util/videojs/volume-mute.png]
[cdn2.editmysite.com/images/util/videojs/@2x/volume-mute.png]
[cdn2.editmysite.com/images/util/videojs/blue-bar.png]
[cdn2.editmysite.com/images/util/videojs/@2x/blue-bar.png]
[cdn2.editmysite.com/images/util/videojs/maximize-icon.png]
[cdn2.editmysite.com/images/util/videojs/@2x/maximize-icon.png]
[cdn2.editmysite.com/images/util/videojs/minimize-icon.png]
[cdn2.editmysite.com/images/util/videojs/@2x/minimize-icon.png]
[cdn2.editmysite.com/images/util/videojs/play-icon.png]
[cdn2.editmysite.com/images/util/videojs/@2x/play-icon.png]
[cdn2.editmysite.com/images/util/videojs/sad-face.png]
[cdn2.editmysite.com/images/util/videojs/@2x/sad-face.png]
[cdn2.editmysite.com/images/util/videojs/loading-icon.png]
[cdn2.editmysite.com/images/util/videojs/@2x/loading-icon.png]
[cdn2.editmysite.com/images/common/buttons/small_grey.png]
[cdn2.editmysite.com/images/common/buttons/small_blue.png]
[cdn2.editmysite.com/images/old/button/large_grey.png]
[cdn2.editmysite.com/images/common/buttons/large_blue.png]
[cdn2.editmysite.com/images/common/search-light.png]
[cdn2.editmysite.com/images/common/social_icons.png]
[cdn2.editmysite.com/images/common/blog/blog-comment-button.png]
[cdn2.editmysite.com/images/common/blog/blog-comment-header.png]
[cdn2.editmysite.com/images/common/blog/blog-comment-pointer.png]
[cdn2.editmysite.com/images/common/blog/blog-comment-link.png]
[cdn2.editmysite.com/images/common/blog/blog-comment-header-author.png]
[cdn2.editmysite.com/images/common/blog/blog-comment-pointer-author.png]
[cdn2.editmysite.com/images/common/blog/blog-comment-field-bg.png]
[cdn2.editmysite.com/images/common/blog/dark-blog-comment-header.png]
[cdn2.editmysite.com/images/common/blog/dark-blog-comment-pointer.png]
[cdn2.editmysite.com/images/common/blog/dark-blog-comment-header-author.png]
[cdn2.editmysite.com/images/common/blog/dark-blog-comment-pointer-author.png]
[cdn2.editmysite.com/images/common/blog/dark-blog-comment-link.png]
[cdn2.editmysite.com/images/util/general/blank.gif]
[cdn2.editmysite.com/images/common/lightbox/prevlabel.gif]
[cdn2.editmysite.com/images/common/lightbox/nextlabel.gif]
[cdn2.editmysite.com/sprites/util/inputs/checkmarkBox-s7868418152.png]
[cdn2.editmysite.com/sprites/util/inputs/checkmarkBox/@2x-s211a47d318.png]
[cdn2.editmysite.com/images/util/inputs/search-input-bg.jpg]
[cdn2.editmysite.com/images/common/magnifying-glass.png]
[cdn2.editmysite.com/images/common/checkmarks/checkmark-mini.png]
[cdn2.editmysite.com/images/common/checkmarks/@2x/checkmark-mini.png]
[cdn2.editmysite.com/images/common/search-pagination-bg.png]
[cdn2.editmysite.com/images/util/general/top-triangle-000.png]
[cdn2.editmysite.com/images/util/general/bottom-triangle-000.png]
[cdn2.editmysite.com/images/util/general/top-triangle-000@2x.png]
[cdn2.editmysite.com/images/util/general/bottom-triangle-000@2x.png]
[cdn2.editmysite.com/sprites/common/social-icons-s5ea5500bdb.png]
[cdn2.editmysite.com/sprites/common/social-icons/@2x-s0ae7d70c70.png]
[cdn2.editmysite.com/sprites/site/mini-cart-s86c48effae.png]
[cdn2.editmysite.com/sprites/site/mini-cart/@2x-s576cbc3f90.png]
[cdn2.editmysite.com/images/loading.gif]
[cdn2.editmysite.com/sprites/site/mobile/commerce-sdf6d4e852c.png]
[cdn2.editmysite.com/sprites/site/mobile/commerce/@2x-s82f968c453.png]
[cdn2.editmysite.com/images/site/checkout/paypal.png]
[cdn2.editmysite.com/images/site/checkout/@2x/paypal.png]
[cdn2.editmysite.com/images/site/checkout/credit-cards.png]
[cdn2.editmysite.com/images/site/checkout/@2x/credit-cards.png]
[cdn2.editmysite.com/images/site/checkout/print.png]
[cdn2.editmysite.com/images/site/checkout/print@2x.png]
[cdn2.editmysite.com/images/vendor/select2/select2.png]
[cdn2.editmysite.com/images/vendor/select2/select2-spinner.gif]
[cdn2.editmysite.com/images/vendor/select2/select2x2.png]
[cdn2.editmysite.com/images/util/spinner/spinner-dark.png]
[cdn2.editmysite.com/images/util/spinner/spinner-light.png]
[cdn2.editmysite.com/images/util/loading-white-w24.gif]
[cdn2.editmysite.com/images/common/form_input_bg.gif]
[cdn2.editmysite.com/sprites/site/forms-s3786257308.png]
[cdn2.editmysite.com/sprites/site/forms/@2x-s47607b315a.png]
[cdn2.editmysite.com/images/blank.gif]
[cdn2.editmysite.com/sprites/site/footer-s48158ed9f7.png]
[cdn2.editmysite.com/sprites/site/footer/@2x-s398696b4d5.png]
[cdn2.editmysite.com/images/old/photoswipe/loader.gif]
[cdn2.editmysite.com/images/old/photoswipe/error.gif]
[cdn2.editmysite.com/images/old/photoswipe/icons.png]
[cdn2.editmysite.com/images/old/photoswipe/icons@2x.png]
[cdn2.editmysite.com/css/sitesd328.css]
[cdn2.editmysite.com/images/old/fancybox/fancybox_sprite.png]
[cdn2.editmysite.com/images/old/fancybox/fancybox_loading.gif]
[cdn2.editmysite.com/images/old/fancybox/blank.gif]
[cdn2.editmysite.com/images/old/fancybox/fancybox_overlay.png]
[cdn2.editmysite.com/css/old/fancyboxdc89.css]
[cdn2.editmysite.com/css/social-iconsaa2b.css]
[justbeingtheyoutuberme.weebly.com/files/theme/images/Futura-Medium4534.eot]
[justbeingtheyoutuberme.weebly.com/files/theme/images/Futura-Mediumd41d.eot]
[justbeingtheyoutuberme.weebly.com/files/theme/images/Futura-Medium4534.woff]
[justbeingtheyoutuberme.weebly.com/files/theme/images/Futura-Medium4534.ttf]
[justbeingtheyoutuberme.weebly.com/files/theme/images/nav-handle4534.png]
[justbeingtheyoutuberme.weebly.com/files/theme/images/nav-cart4534.png]
[justbeingtheyoutuberme.weebly.com/files/theme/images/background4534.jpg]
[justbeingtheyoutuberme.weebly.com/files/theme/images/scroll4534.png]
[justbeingtheyoutuberme.weebly.com/files/theme/images/select4534.png]
[justbeingtheyoutuberme.weebly.com/files/main_style4534.css]
[cdn2.editmysite.com/fonts/Komika_Axis/fontc81e.css]
[cdn2.editmysite.com/fonts/Komika_Axis/regular.eot]
[cdn2.editmysite.com/js/lang/en/stlba97.js]
[www.google-analytics.com/__utmcb31.gif]
[cdn2.editmysite.com/js/site/maind328.js]
[cdn2.editmysite.com/js/site/theme-pluginsd328.js]
[cdn2.editmysite.com/js/site/footerSignupd328.js]
[cdn2.editmysite.com/fonts/Komika_Axis/regular.ttf]
[justbeingtheyoutuberme.weebly.com/about.html]
[justbeingtheyoutuberme.weebly.com/my-yt-videos-so-far-chronological-order.html]
[apis.google.com/js/platform.js]
[justbeingtheyoutuberme.weebly.com/subscribe.html]
[cdn2.editmysite.com/js/wsnbn/snowday262.js]
[secure.quantserve.com/quant.js]
[justbeingtheyoutuberme.weebly.com/files/theme/images/Futura-Medium.svg]
[cdn2.editmysite.com/fonts/Komika_Axis/regulard41d.eot]
[justbeingtheyoutuberme.weebly.com/Before you execute the binding your view must have a model or a collection.html]
[justbeingtheyoutuberme.weebly.com/mustache.html]
[justbeingtheyoutuberme.weebly.com/GET.html]
[justbeingtheyoutuberme.weebly.com/formSubmit.html]
[justbeingtheyoutuberme.weebly.com/formSubmitAjax.html]
[justbeingtheyoutuberme.weebly.com/weebly/libraries/videojs/video-js.html]
[justbeingtheyoutuberme.weebly.com/AppleWebKit/index.html]
[justbeingtheyoutuberme.weebly.com/Mobile/index.html]
[justbeingtheyoutuberme.weebly.com/_/uploads/8/4/1/7/84178546/background-images/391317221.html]
[justbeingtheyoutuberme.weebly.com/ABCDEFGHIJKLMNOPQRSTUVWXYZabcdefghijklmnopqrstuvwxyz0123456789+/index.html]
[justbeingtheyoutuberme.weebly.com/payload.html]
[justbeingtheyoutuberme.weebly.com/POST.html]
